// Jest Snapshot v1, https://goo.gl/fbAQLP

exports[`User profile page renders and acts correctly Should render normally 1`] = `
<div
  className="container profileAnim"
>
  <div
    className="rectangle"
  >
    <div
      className="leftHorizontal"
    >
      <a
        className="leftButton"
        href="/ChatList/1"
        onClick={[Function]}
      >
        <div
          className="vertical"
        >
          <img
            alt=""
            height="25px"
            src="back.png"
            width="height"
          />
        </div>
        <div
          className="vertical"
        >
          <div
            className="text"
          >
            Chats
          </div>
        </div>
      </a>
    </div>
    <div
      className="horizontal"
    >
      <div
        className="vertical"
      >
        <div
          className="name"
        >
          Edit Profile
        </div>
      </div>
    </div>
    <div
      className="rightHorizontal"
    />
  </div>
  <div
    className="horizontal"
  >
    <div
      className="vertical"
    >
      <div
        className="horizontalPhoto"
      >
        <div
          className="photo"
        >
          <img
            alt=""
            className="pic"
            height="130px"
            src="profilePic.jpeg"
            width="height"
          />
        </div>
      </div>
      <input
        className="input inputName"
        onChange={[Function]}
        placeholder="Your name"
        type="text"
        value=""
      />
      <input
        className="input inputTag"
        onChange={[Function]}
        placeholder="Your tag"
        type="text"
        value=""
      />
      <textarea
        className="input inputBio"
        onChange={[Function]}
        placeholder="Tell something about yourself"
        value=""
      />
      <div
        className="horizontal"
        style={
          Object {
            "flexGrow": 0,
          }
        }
      >
        <input
          className="input inputPassword"
          onChange={[Function]}
          placeholder="Old password"
          type="text"
          value=""
        />
        <div
          className="empty"
        />
        <input
          className="input inputPassword"
          onChange={[Function]}
          placeholder="New password"
          type="text"
          value=""
        />
      </div>
    </div>
  </div>
</div>
`;
